// Jest Snapshot v1, https://goo.gl/fbAQLP

exports[`can format a list 1`] = `
"These are the items in the Foo:
  - Baz"
`;
